Super@DESKTOP-L77BDUD MINGW64 /d/wecode/test/all-react (feature/state)
$ git status
On branch feature/state
Untracked files:
  (use "git add <file>..." to include in what will be committed)
        git_default.txt
        src/pages/State/

nothing added to commit but untracked files present (use "git add" to track)

Super@DESKTOP-L77BDUD MINGW64 /d/wecode/test/all-react (feature/state)
$  git add .

Super@DESKTOP-L77BDUD MINGW64 /d/wecode/test/all-react (feature/state)
$ git status
On branch feature/state
Changes to be committed:
  (use "git restore --staged <file>..." to unstage)
        new file:   git_default.txt
        new file:   src/pages/State/State.js
        new file:   src/pages/State/State.md
        new file:   src/pages/State/State.scss


Super@DESKTOP-L77BDUD MINGW64 /d/wecode/test/all-react (feature/state)
$ git commit -m "Add: state practice"
[feature/state 75562c7] Add: state practice
 4 files changed, 462 insertions(+)
 create mode 100644 git_default.txt
 create mode 100644 src/pages/State/State.js
 create mode 100644 src/pages/State/State.md
 create mode 100644 src/pages/State/State.scss

Super@DESKTOP-L77BDUD MINGW64 /d/wecode/test/all-react (feature/state)
$ git status
On branch feature/state
nothing to commit, working tree clean

Super@DESKTOP-L77BDUD MINGW64 /d/wecode/test/all-react (feature/state)
$ git push origin feature/state
Enumerating objects: 12, done.
Counting objects: 100% (12/12), done.
Delta compression using up to 8 threads
Compressing objects: 100% (9/9), done.
Writing objects: 100% (9/9), 3.52 KiB | 1.17 MiB/s, done.
Total 9 (delta 3), reused 0 (delta 0), pack-reused 0
remote: Resolving deltas: 100% (3/3), completed with 2 local objects.
remote: 
remote: Create a pull request for 'feature/state' on GitHub by visiting:
remote:      https://github.com/finalslug/all-react/pull/new/feature/state
remote:
To https://github.com/finalslug/all-react.git
 * [new branch]      feature/state -> feature/state

Super@DESKTOP-L77BDUD MINGW64 /d/wecode/test/all-react (feature/state)
$  git checkout main
Switched to branch 'main'

Super@DESKTOP-L77BDUD MINGW64 /d/wecode/test/all-react (main)
$ git pull origin main
remote: Enumerating objects: 1, done.
remote: Counting objects: 100% (1/1), done.
remote: Total 1 (delta 0), reused 0 (delta 0), pack-reused 0
Unpacking objects: 100% (1/1), 616 bytes | 13.00 KiB/s, done.
From https://github.com/finalslug/all-react
 * branch            main       -> FETCH_HEAD
   8420ede..5190d3b  main       -> origin/main
Updating 8420ede..5190d3b
Fast-forward
 git_default.txt            | 237 +++++++++++++++++++++++++++++++++++++++++++++
 src/pages/State/State.js   | 106 ++++++++++++++++++++
 src/pages/State/State.md   | 108 +++++++++++++++++++++
 src/pages/State/State.scss |  11 +++
 4 files changed, 462 insertions(+)
 create mode 100644 git_default.txt
 create mode 100644 src/pages/State/State.js
 create mode 100644 src/pages/State/State.md
 create mode 100644 src/pages/State/State.scss

Super@DESKTOP-L77BDUD MINGW64 /d/wecode/test/all-react (main)
$ git branch feature/main

Super@DESKTOP-L77BDUD MINGW64 /d/wecode/test/all-react (main)
$ git branch
  feature/login
  feature/main
  feature/state
* main

Super@DESKTOP-L77BDUD MINGW64 /d/wecode/test/all-react (main)
$ git checkout feature/main
Switched to branch 'feature/main'

Super@DESKTOP-L77BDUD MINGW64 /d/wecode/test/all-react (feature/main)
$ npm start